141.213.55.96 - - [18/Sep/2013:20:24:28 -0400] "GET /home/group1/admin/php/html/photos/world_Stonehenge.jpg HTTP/1.1" 404 - "http://eecs485-01.eecs.umich.edu:4501/album?id=3" "Mozilla/5.0 (X11; Linux x86_64; rv:17.0) Gecko/20130806 Firefox/17.0"
141.213.55.96 - - [18/Sep/2013:20:24:28 -0400] "GET /home/group1/admin/php/html/photos/world_Seoul.jpg HTTP/1.1" 404 - "http://eecs485-01.eecs.umich.edu:4501/album?id=3" "Mozilla/5.0 (X11; Linux x86_64; rv:17.0) Gecko/20130806 Firefox/17.0"
141.213.55.96 - - [18/Sep/2013:20:24:28 -0400] "GET /home/group1/admin/php/html/photos/world_EiffelTower.jpg HTTP/1.1" 404 - "http://eecs485-01.eecs.umich.edu:4501/album?id=3" "Mozilla/5.0 (X11; Linux x86_64; rv:17.0) Gecko/20130806 Firefox/17.0"
141.213.55.96 - - [18/Sep/2013:20:24:28 -0400] "GET /home/group1/admin/php/html/photos/world_Reykjavik.jpg HTTP/1.1" 404 - "http://eecs485-01.eecs.umich.edu:4501/album?id=3" "Mozilla/5.0 (X11; Linux x86_64; rv:17.0) Gecko/20130806 Firefox/17.0"
141.213.55.96 - - [18/Sep/2013:20:24:28 -0400] "GET /home/group1/admin/php/html/photos/world_TajMahal.jpg HTTP/1.1" 404 - "http://eecs485-01.eecs.umich.edu:4501/album?id=3" "Mozilla/5.0 (X11; Linux x86_64; rv:17.0) Gecko/20130806 Firefox/17.0"
141.213.55.96 - - [18/Sep/2013:20:24:28 -0400] "GET /home/group1/admin/php/html/photos/world_WashingtonDC.jpg HTTP/1.1" 404 - "http://eecs485-01.eecs.umich.edu:4501/album?id=3" "Mozilla/5.0 (X11; Linux x86_64; rv:17.0) Gecko/20130806 Firefox/17.0"
141.213.55.96 - - [18/Sep/2013:20:24:28 -0400] "GET /home/group1/admin/php/html/photos/world_TelAviv.jpg HTTP/1.1" 404 - "http://eecs485-01.eecs.umich.edu:4501/album?id=3" "Mozilla/5.0 (X11; Linux x86_64; rv:17.0) Gecko/20130806 Firefox/17.0"
141.213.55.96 - - [18/Sep/2013:20:24:28 -0400] "GET /home/group1/admin/php/html/photos/world_tokyo.jpg HTTP/1.1" 404 - "http://eecs485-01.eecs.umich.edu:4501/album?id=3" "Mozilla/5.0 (X11; Linux x86_64; rv:17.0) Gecko/20130806 Firefox/17.0"
::1 - - [18/Sep/2013:20:24:33 -0400] "OPTIONS * HTTP/1.0" 200 - "-" "Apache/2.4.6 (Fedora) PHP/5.5.3 (internal dummy connection)"
141.213.55.96 - - [18/Sep/2013:20:26:32 -0400] "GET /album?id=3 HTTP/1.1" 200 2027 "http://eecs485-01.eecs.umich.edu:4501/albums/edit?username=traveler" "Mozilla/5.0 (X11; Linux x86_64; rv:17.0) Gecko/20130806 Firefox/17.0"
141.213.55.96 - - [18/Sep/2013:20:26:32 -0400] "GET /home/group1/admin/php/html/photos/world_firenze.jpg HTTP/1.1" 404 - "http://eecs485-01.eecs.umich.edu:4501/album?id=3" "Mozilla/5.0 (X11; Linux x86_64; rv:17.0) Gecko/20130806 Firefox/17.0"
141.213.55.96 - - [18/Sep/2013:20:26:32 -0400] "GET /home/group1/admin/php/html/photos/world_EiffelTower.jpg HTTP/1.1" 404 - "http://eecs485-01.eecs.umich.edu:4501/album?id=3" "Mozilla/5.0 (X11; Linux x86_64; rv:17.0) Gecko/20130806 Firefox/17.0"
141.213.55.96 - - [18/Sep/2013:20:26:32 -0400] "GET /home/group1/admin/php/html/photos/world_GreatWall.jpg HTTP/1.1" 404 - "http://eecs485-01.eecs.umich.edu:4501/album?id=3" "Mozilla/5.0 (X11; Linux x86_64; rv:17.0) Gecko/20130806 Firefox/17.0"
141.213.55.96 - - [18/Sep/2013:20:26:32 -0400] "GET /home/group1/admin/php/html/photos/world_Istanbul.jpg HTTP/1.1" 404 - "http://eecs485-01.eecs.umich.edu:4501/album?id=3" "Mozilla/5.0 (X11; Linux x86_64; rv:17.0) Gecko/20130806 Firefox/17.0"
141.213.55.96 - - [18/Sep/2013:20:26:32 -0400] "GET /home/group1/admin/php/html/photos/world_Seoul.jpg HTTP/1.1" 404 - "http://eecs485-01.eecs.umich.edu:4501/album?id=3" "Mozilla/5.0 (X11; Linux x86_64; rv:17.0) Gecko/20130806 Firefox/17.0"
141.213.55.96 - - [18/Sep/2013:20:26:32 -0400] "GET /home/group1/admin/php/html/photos/world_Reykjavik.jpg HTTP/1.1" 404 - "http://eecs485-01.eecs.umich.edu:4501/album?id=3" "Mozilla/5.0 (X11; Linux x86_64; rv:17.0) Gecko/20130806 Firefox/17.0"
141.213.55.96 - - [18/Sep/2013:20:26:32 -0400] "GET /home/group1/admin/php/html/photos/world_Isfahan.jpg HTTP/1.1" 404 - "http://eecs485-01.eecs.umich.edu:4501/album?id=3" "Mozilla/5.0 (X11; Linux x86_64; rv:17.0) Gecko/20130806 Firefox/17.0"
141.213.55.96 - - [18/Sep/2013:20:26:32 -0400] "GET /home/group1/admin/php/html/photos/world_Persepolis.jpg HTTP/1.1" 404 - "http://eecs485-01.eecs.umich.edu:4501/album?id=3" "Mozilla/5.0 (X11; Linux x86_64; rv:17.0) Gecko/20130806 Firefox/17.0"
141.213.55.96 - - [18/Sep/2013:20:26:32 -0400] "GET /home/group1/admin/php/html/photos/world_TajMahal.jpg HTTP/1.1" 404 - "http://eecs485-01.eecs.umich.edu:4501/album?id=3" "Mozilla/5.0 (X11; Linux x86_64; rv:17.0) Gecko/20130806 Firefox/17.0"
141.213.55.96 - - [18/Sep/2013:20:26:32 -0400] "GET /home/group1/admin/php/html/photos/world_TelAviv.jpg HTTP/1.1" 404 - "http://eecs485-01.eecs.umich.edu:4501/album?id=3" "Mozilla/5.0 (X11; Linux x86_64; rv:17.0) Gecko/20130806 Firefox/17.0"
141.213.55.96 - - [18/Sep/2013:20:26:32 -0400] "GET /home/group1/admin/php/html/photos/world_Stonehenge.jpg HTTP/1.1" 404 - "http://eecs485-01.eecs.umich.edu:4501/album?id=3" "Mozilla/5.0 (X11; Linux x86_64; rv:17.0) Gecko/20130806 Firefox/17.0"
141.213.55.96 - - [18/Sep/2013:20:26:32 -0400] "GET /home/group1/admin/php/html/photos/world_WashingtonDC.jpg HTTP/1.1" 404 - "http://eecs485-01.eecs.umich.edu:4501/album?id=3" "Mozilla/5.0 (X11; Linux x86_64; rv:17.0) Gecko/20130806 Firefox/17.0"
141.213.55.96 - - [18/Sep/2013:20:26:32 -0400] "GET /home/group1/admin/php/html/photos/world_tokyo.jpg HTTP/1.1" 404 - "http://eecs485-01.eecs.umich.edu:4501/album?id=3" "Mozilla/5.0 (X11; Linux x86_64; rv:17.0) Gecko/20130806 Firefox/17.0"
::1 - - [18/Sep/2013:20:26:37 -0400] "OPTIONS * HTTP/1.0" 200 - "-" "Apache/2.4.6 (Fedora) PHP/5.5.3 (internal dummy connection)"
67.194.8.121 - - [18/Sep/2013:20:27:36 -0400] "GET /albums?username=spacejunkie HTTP/1.1" 200 939 "http://eecs485-01.eecs.umich.edu:4501/" "Mozilla/5.0 (Windows NT 6.2; WOW64; rv:22.0) Gecko/20100101 Firefox/22.0"
67.194.8.121 - - [18/Sep/2013:20:27:38 -0400] "GET /album?id=4 HTTP/1.1" 200 573 "http://eecs485-01.eecs.umich.edu:4501/albums?username=spacejunkie" "Mozilla/5.0 (Windows NT 6.2; WOW64; rv:22.0) Gecko/20100101 Firefox/22.0"
67.194.8.121 - - [18/Sep/2013:20:27:38 -0400] "GET /photos/space_s1.jpg%7D HTTP/1.1" 404 - "http://eecs485-01.eecs.umich.edu:4501/album?id=4" "Mozilla/5.0 (Windows NT 6.2; WOW64; rv:22.0) Gecko/20100101 Firefox/22.0"
141.213.55.96 - - [18/Sep/2013:20:27:57 -0400] "GET /home/group1/admin/php/html/photos/world_EiffelTower.jpg HTTP/1.1" 404 - "http://eecs485-01.eecs.umich.edu:4501/album?id=3" "Mozilla/5.0 (X11; Linux x86_64; rv:17.0) Gecko/20130806 Firefox/17.0"
141.213.55.96 - - [18/Sep/2013:20:28:05 -0400] "GET /group1/admin/php/html/photos/world_EiffelTower.jpg HTTP/1.1" 404 - "-" "Mozilla/5.0 (X11; Linux x86_64; rv:17.0) Gecko/20130806 Firefox/17.0"
141.213.55.96 - - [18/Sep/2013:20:28:11 -0400] "GET /admin/php/html/photos/world_EiffelTower.jpg HTTP/1.1" 404 - "-" "Mozilla/5.0 (X11; Linux x86_64; rv:17.0) Gecko/20130806 Firefox/17.0"
141.213.55.96 - - [18/Sep/2013:20:28:16 -0400] "GET /php/html/photos/world_EiffelTower.jpg HTTP/1.1" 404 - "-" "Mozilla/5.0 (X11; Linux x86_64; rv:17.0) Gecko/20130806 Firefox/17.0"
141.213.55.96 - - [18/Sep/2013:20:28:20 -0400] "GET /html/photos/world_EiffelTower.jpg HTTP/1.1" 404 - "-" "Mozilla/5.0 (X11; Linux x86_64; rv:17.0) Gecko/20130806 Firefox/17.0"
141.213.55.96 - - [18/Sep/2013:20:28:24 -0400] "GET /photos/world_EiffelTower.jpg HTTP/1.1" 404 - "-" "Mozilla/5.0 (X11; Linux x86_64; rv:17.0) Gecko/20130806 Firefox/17.0"
141.213.55.96 - - [18/Sep/2013:20:28:29 -0400] "GET /world_EiffelTower.jpg HTTP/1.1" 404 - "-" "Mozilla/5.0 (X11; Linux x86_64; rv:17.0) Gecko/20130806 Firefox/17.0"
67.194.8.121 - - [18/Sep/2013:20:29:05 -0400] "GET /albums?username=sportslover HTTP/1.1" 200 1007 "http://eecs485-01.eecs.umich.edu:4501/" "Mozilla/5.0 (Windows NT 6.2; WOW64; rv:22.0) Gecko/20100101 Firefox/22.0"
67.194.8.121 - - [18/Sep/2013:20:29:06 -0400] "GET /album?id=1 HTTP/1.1" 200 704 "http://eecs485-01.eecs.umich.edu:4501/albums?username=sportslover" "Mozilla/5.0 (Windows NT 6.2; WOW64; rv:22.0) Gecko/20100101 Firefox/22.0"
67.194.8.121 - - [18/Sep/2013:20:29:06 -0400] "GET /photos/sports_s1.jpg%7D HTTP/1.1" 404 - "http://eecs485-01.eecs.umich.edu:4501/album?id=1" "Mozilla/5.0 (Windows NT 6.2; WOW64; rv:22.0) Gecko/20100101 Firefox/22.0"
67.194.8.121 - - [18/Sep/2013:20:29:11 -0400] "GET /album?id=2 HTTP/1.1" 200 536 "http://eecs485-01.eecs.umich.edu:4501/albums?username=sportslover" "Mozilla/5.0 (Windows NT 6.2; WOW64; rv:22.0) Gecko/20100101 Firefox/22.0"
67.194.8.121 - - [18/Sep/2013:20:29:11 -0400] "GET /photos/sports_s1.jpg%7D HTTP/1.1" 404 - "http://eecs485-01.eecs.umich.edu:4501/album?id=2" "Mozilla/5.0 (Windows NT 6.2; WOW64; rv:22.0) Gecko/20100101 Firefox/22.0"
67.194.8.121 - - [18/Sep/2013:20:29:16 -0400] "GET /albums?username=spacejunkie HTTP/1.1" 200 939 "http://eecs485-01.eecs.umich.edu:4501/" "Mozilla/5.0 (Windows NT 6.2; WOW64; rv:22.0) Gecko/20100101 Firefox/22.0"
67.194.8.121 - - [18/Sep/2013:20:29:17 -0400] "GET /album?id=4 HTTP/1.1" 200 578 "http://eecs485-01.eecs.umich.edu:4501/albums?username=spacejunkie" "Mozilla/5.0 (Windows NT 6.2; WOW64; rv:22.0) Gecko/20100101 Firefox/22.0"
67.194.8.121 - - [18/Sep/2013:20:29:18 -0400] "GET /photos/sports_s1.jpg%7D HTTP/1.1" 404 - "http://eecs485-01.eecs.umich.edu:4501/album?id=4" "Mozilla/5.0 (Windows NT 6.2; WOW64; rv:22.0) Gecko/20100101 Firefox/22.0"
141.213.55.96 - - [18/Sep/2013:20:30:45 -0400] "GET /album?id=3 HTTP/1.1" 200 914 "http://eecs485-01.eecs.umich.edu:4501/albums/edit?username=traveler" "Mozilla/5.0 (X11; Linux x86_64; rv:17.0) Gecko/20130806 Firefox/17.0"
141.213.55.96 - - [18/Sep/2013:20:30:45 -0400] "GET /static/css/style.css HTTP/1.1" 304 - "http://eecs485-01.eecs.umich.edu:4501/album?id=3" "Mozilla/5.0 (X11; Linux x86_64; rv:17.0) Gecko/20130806 Firefox/17.0"
141.213.55.96 - - [18/Sep/2013:20:30:45 -0400] "GET /static/js/main.js HTTP/1.1" 304 - "http://eecs485-01.eecs.umich.edu:4501/album?id=3" "Mozilla/5.0 (X11; Linux x86_64; rv:17.0) Gecko/20130806 Firefox/17.0"
141.213.55.96 - - [18/Sep/2013:20:30:45 -0400] "GET /photos/sports_s1.jpg%7D HTTP/1.1" 404 - "http://eecs485-01.eecs.umich.edu:4501/album?id=3" "Mozilla/5.0 (X11; Linux x86_64; rv:17.0) Gecko/20130806 Firefox/17.0"
141.213.55.96 - - [18/Sep/2013:20:30:57 -0400] "GET /index.php HTTP/1.1" 404 - "-" "Mozilla/5.0 (X11; Linux x86_64; rv:17.0) Gecko/20130806 Firefox/17.0"
141.213.55.96 - - [18/Sep/2013:20:31:02 -0400] "GET / HTTP/1.1" 200 627 "-" "Mozilla/5.0 (X11; Linux x86_64; rv:17.0) Gecko/20130806 Firefox/17.0"
141.213.55.96 - - [18/Sep/2013:20:31:06 -0400] "GET /albums?username=traveler HTTP/1.1" 200 933 "http://eecs485-01.eecs.umich.edu:4501/" "Mozilla/5.0 (X11; Linux x86_64; rv:17.0) Gecko/20130806 Firefox/17.0"
141.213.55.96 - - [18/Sep/2013:20:32:00 -0400] "GET /album?id=3 HTTP/1.1" 200 914 "http://eecs485-01.eecs.umich.edu:4501/albums?username=traveler" "Mozilla/5.0 (X11; Linux x86_64; rv:17.0) Gecko/20130806 Firefox/17.0"
141.213.55.96 - - [18/Sep/2013:20:32:00 -0400] "GET /photos/sports_s1.jpg%7D HTTP/1.1" 404 - "http://eecs485-01.eecs.umich.edu:4501/album?id=3" "Mozilla/5.0 (X11; Linux x86_64; rv:17.0) Gecko/20130806 Firefox/17.0"
141.213.55.96 - - [18/Sep/2013:20:32:02 -0400] "GET /photos/sports_s1.jpg%7D HTTP/1.1" 404 - "http://eecs485-01.eecs.umich.edu:4501/album?id=3" "Mozilla/5.0 (X11; Linux x86_64; rv:17.0) Gecko/20130806 Firefox/17.0"
141.213.55.96 - - [18/Sep/2013:20:32:09 -0400] "GET /photos/sports_s1.jpg%7D HTTP/1.1" 404 - "http://eecs485-01.eecs.umich.edu:4501/album?id=3" "Mozilla/5.0 (X11; Linux x86_64; rv:17.0) Gecko/20130806 Firefox/17.0"
141.213.55.96 - - [18/Sep/2013:20:32:22 -0400] "GET /photos/sports_s1.jpg HTTP/1.1" 404 - "-" "Mozilla/5.0 (X11; Linux x86_64; rv:17.0) Gecko/20130806 Firefox/17.0"
141.213.55.96 - - [18/Sep/2013:20:32:29 -0400] "GET /photos/sports_s1.jpg%7D HTTP/1.1" 404 - "http://eecs485-01.eecs.umich.edu:4501/album?id=3" "Mozilla/5.0 (X11; Linux x86_64; rv:17.0) Gecko/20130806 Firefox/17.0"
141.213.55.96 - - [18/Sep/2013:20:32:56 -0400] "GET /photos/sports_s1.jpg%7D HTTP/1.1" 404 - "-" "Mozilla/5.0 (X11; Linux x86_64; rv:17.0) Gecko/20130806 Firefox/17.0"
141.213.55.96 - - [18/Sep/2013:20:33:00 -0400] "GET /photos/sports_s1.jpg HTTP/1.1" 404 - "-" "Mozilla/5.0 (X11; Linux x86_64; rv:17.0) Gecko/20130806 Firefox/17.0"
141.213.55.96 - - [18/Sep/2013:20:33:33 -0400] "GET /home/group1/admin/php/photos/sports_s1.jpg HTTP/1.1" 404 - "-" "Mozilla/5.0 (X11; Linux x86_64; rv:17.0) Gecko/20130806 Firefox/17.0"
67.194.8.121 - - [18/Sep/2013:20:33:59 -0400] "GET /albums?username=sportslover HTTP/1.1" 200 1007 "http://eecs485-01.eecs.umich.edu:4501/" "Mozilla/5.0 (Windows NT 6.2; WOW64; rv:22.0) Gecko/20100101 Firefox/22.0"
67.194.8.121 - - [18/Sep/2013:20:34:00 -0400] "GET /album?id=1 HTTP/1.1" 200 632 "http://eecs485-01.eecs.umich.edu:4501/albums?username=sportslover" "Mozilla/5.0 (Windows NT 6.2; WOW64; rv:22.0) Gecko/20100101 Firefox/22.0"
67.194.8.121 - - [18/Sep/2013:20:34:00 -0400] "GET /sports_s1.jpg HTTP/1.1" 404 - "http://eecs485-01.eecs.umich.edu:4501/album?id=1" "Mozilla/5.0 (Windows NT 6.2; WOW64; rv:22.0) Gecko/20100101 Firefox/22.0"
67.194.8.121 - - [18/Sep/2013:20:34:04 -0400] "GET /album?id=2 HTTP/1.1" 200 500 "http://eecs485-01.eecs.umich.edu:4501/albums?username=sportslover" "Mozilla/5.0 (Windows NT 6.2; WOW64; rv:22.0) Gecko/20100101 Firefox/22.0"
67.194.8.121 - - [18/Sep/2013:20:34:04 -0400] "GET /sports_s1.jpg HTTP/1.1" 404 - "http://eecs485-01.eecs.umich.edu:4501/album?id=2" "Mozilla/5.0 (Windows NT 6.2; WOW64; rv:22.0) Gecko/20100101 Firefox/22.0"
67.194.8.121 - - [18/Sep/2013:20:34:08 -0400] "GET /albums?username=spacejunkie HTTP/1.1" 200 939 "http://eecs485-01.eecs.umich.edu:4501/" "Mozilla/5.0 (Windows NT 6.2; WOW64; rv:22.0) Gecko/20100101 Firefox/22.0"
67.194.8.121 - - [18/Sep/2013:20:34:09 -0400] "GET /album?id=4 HTTP/1.1" 200 533 "http://eecs485-01.eecs.umich.edu:4501/albums?username=spacejunkie" "Mozilla/5.0 (Windows NT 6.2; WOW64; rv:22.0) Gecko/20100101 Firefox/22.0"
67.194.8.121 - - [18/Sep/2013:20:34:09 -0400] "GET /sports_s1.jpg HTTP/1.1" 404 - "http://eecs485-01.eecs.umich.edu:4501/album?id=4" "Mozilla/5.0 (Windows NT 6.2; WOW64; rv:22.0) Gecko/20100101 Firefox/22.0"
141.213.55.96 - - [18/Sep/2013:20:35:41 -0400] "GET / HTTP/1.1" 200 627 "-" "Mozilla/5.0 (X11; Linux x86_64; rv:17.0) Gecko/20130806 Firefox/17.0"
141.213.55.96 - - [18/Sep/2013:20:35:44 -0400] "GET /albums?username=spacejunkie HTTP/1.1" 200 939 "http://eecs485-01.eecs.umich.edu:4501/" "Mozilla/5.0 (X11; Linux x86_64; rv:17.0) Gecko/20130806 Firefox/17.0"
141.213.55.96 - - [18/Sep/2013:20:35:46 -0400] "GET /albums/edit?username=spacejunkie HTTP/1.1" 200 788 "http://eecs485-01.eecs.umich.edu:4501/albums?username=spacejunkie" "Mozilla/5.0 (X11; Linux x86_64; rv:17.0) Gecko/20130806 Firefox/17.0"
141.213.55.96 - - [18/Sep/2013:20:35:48 -0400] "POST /albums/edit?username=spacejunkie HTTP/1.1" 405 - "http://eecs485-01.eecs.umich.edu:4501/albums/edit?username=spacejunkie" "Mozilla/5.0 (X11; Linux x86_64; rv:17.0) Gecko/20130806 Firefox/17.0"
67.194.8.121 - - [18/Sep/2013:20:37:19 -0400] "GET / HTTP/1.1" 200 627 "-" "Mozilla/5.0 (Windows NT 6.2; WOW64; rv:22.0) Gecko/20100101 Firefox/22.0"
67.194.8.121 - - [18/Sep/2013:20:37:20 -0400] "GET /static/css/style.css HTTP/1.1" 304 - "http://eecs485-01.eecs.umich.edu:4501/" "Mozilla/5.0 (Windows NT 6.2; WOW64; rv:22.0) Gecko/20100101 Firefox/22.0"
67.194.8.121 - - [18/Sep/2013:20:37:20 -0400] "GET /static/js/main.js HTTP/1.1" 304 - "http://eecs485-01.eecs.umich.edu:4501/" "Mozilla/5.0 (Windows NT 6.2; WOW64; rv:22.0) Gecko/20100101 Firefox/22.0"
67.194.8.121 - - [18/Sep/2013:20:37:21 -0400] "GET /albums?username=spacejunkie HTTP/1.1" 200 939 "http://eecs485-01.eecs.umich.edu:4501/" "Mozilla/5.0 (Windows NT 6.2; WOW64; rv:22.0) Gecko/20100101 Firefox/22.0"
67.194.8.121 - - [18/Sep/2013:20:37:22 -0400] "GET /album?id=4 HTTP/1.1" 200 708 "http://eecs485-01.eecs.umich.edu:4501/albums?username=spacejunkie" "Mozilla/5.0 (Windows NT 6.2; WOW64; rv:22.0) Gecko/20100101 Firefox/22.0"
67.194.8.121 - - [18/Sep/2013:20:37:22 -0400] "GET /home/group1/admin/php/html/photos/sports_s1.jpg HTTP/1.1" 404 - "http://eecs485-01.eecs.umich.edu:4501/album?id=4" "Mozilla/5.0 (Windows NT 6.2; WOW64; rv:22.0) Gecko/20100101 Firefox/22.0"
67.194.8.121 - - [18/Sep/2013:20:37:27 -0400] "GET /albums?username=sportslover HTTP/1.1" 200 1007 "http://eecs485-01.eecs.umich.edu:4501/" "Mozilla/5.0 (Windows NT 6.2; WOW64; rv:22.0) Gecko/20100101 Firefox/22.0"
67.194.8.121 - - [18/Sep/2013:20:37:28 -0400] "GET /album?id=2 HTTP/1.1" 200 640 "http://eecs485-01.eecs.umich.edu:4501/albums?username=sportslover" "Mozilla/5.0 (Windows NT 6.2; WOW64; rv:22.0) Gecko/20100101 Firefox/22.0"
67.194.8.121 - - [18/Sep/2013:20:37:28 -0400] "GET /home/group1/admin/php/html/photos/sports_s1.jpg HTTP/1.1" 404 - "http://eecs485-01.eecs.umich.edu:4501/album?id=2" "Mozilla/5.0 (Windows NT 6.2; WOW64; rv:22.0) Gecko/20100101 Firefox/22.0"
67.194.8.121 - - [18/Sep/2013:20:37:32 -0400] "GET /albums?username=traveler HTTP/1.1" 200 933 "http://eecs485-01.eecs.umich.edu:4501/" "Mozilla/5.0 (Windows NT 6.2; WOW64; rv:22.0) Gecko/20100101 Firefox/22.0"
67.194.8.121 - - [18/Sep/2013:20:37:33 -0400] "GET /album?id=3 HTTP/1.1" 200 1252 "http://eecs485-01.eecs.umich.edu:4501/albums?username=traveler" "Mozilla/5.0 (Windows NT 6.2; WOW64; rv:22.0) Gecko/20100101 Firefox/22.0"
67.194.8.121 - - [18/Sep/2013:20:37:33 -0400] "GET /home/group1/admin/php/html/photos/sports_s1.jpg HTTP/1.1" 404 - "http://eecs485-01.eecs.umich.edu:4501/album?id=3" "Mozilla/5.0 (Windows NT 6.2; WOW64; rv:22.0) Gecko/20100101 Firefox/22.0"
141.213.55.96 - - [18/Sep/2013:20:40:52 -0400] "GET /album?id=4 HTTP/1.1" 200 819 "http://eecs485-01.eecs.umich.edu:4501/albums/edit?username=spacejunkie" "Mozilla/5.0 (X11; Linux x86_64; rv:17.0) Gecko/20130806 Firefox/17.0"
141.213.55.96 - - [18/Sep/2013:20:40:52 -0400] "GET /home/group1/admin/php/html/photos/space_GalaxyCollision.jpg HTTP/1.1" 404 - "http://eecs485-01.eecs.umich.edu:4501/album?id=4" "Mozilla/5.0 (X11; Linux x86_64; rv:17.0) Gecko/20130806 Firefox/17.0"
141.213.55.96 - - [18/Sep/2013:20:40:52 -0400] "GET /home/group1/admin/php/html/photos/space_OrionNebula.jpg HTTP/1.1" 404 - "http://eecs485-01.eecs.umich.edu:4501/album?id=4" "Mozilla/5.0 (X11; Linux x86_64; rv:17.0) Gecko/20130806 Firefox/17.0"
141.213.55.96 - - [18/Sep/2013:20:40:52 -0400] "GET /home/group1/admin/php/html/photos/space_MilkyWay.jpg HTTP/1.1" 404 - "http://eecs485-01.eecs.umich.edu:4501/album?id=4" "Mozilla/5.0 (X11; Linux x86_64; rv:17.0) Gecko/20130806 Firefox/17.0"
141.213.55.96 - - [18/Sep/2013:20:40:52 -0400] "GET /home/group1/admin/php/html/photos/space_HelixNebula.jpg HTTP/1.1" 404 - "http://eecs485-01.eecs.umich.edu:4501/album?id=4" "Mozilla/5.0 (X11; Linux x86_64; rv:17.0) Gecko/20130806 Firefox/17.0"
141.213.55.96 - - [18/Sep/2013:20:40:52 -0400] "GET /home/group1/admin/php/html/photos/space_EagleNebula.jpg HTTP/1.1" 404 - "http://eecs485-01.eecs.umich.edu:4501/album?id=4" "Mozilla/5.0 (X11; Linux x86_64; rv:17.0) Gecko/20130806 Firefox/17.0"
141.213.55.96 - - [18/Sep/2013:20:41:50 -0400] "GET /album?id=4 HTTP/1.1" 200 840 "http://eecs485-01.eecs.umich.edu:4501/albums/edit?username=spacejunkie" "Mozilla/5.0 (X11; Linux x86_64; rv:17.0) Gecko/20130806 Firefox/17.0"
141.213.55.96 - - [18/Sep/2013:20:41:51 -0400] "GET /static/css/style.css HTTP/1.1" 304 - "http://eecs485-01.eecs.umich.edu:4501/album?id=4" "Mozilla/5.0 (X11; Linux x86_64; rv:17.0) Gecko/20130806 Firefox/17.0"
141.213.55.96 - - [18/Sep/2013:20:41:51 -0400] "GET /home/group1/admin/php/html/photos/space_EagleNebula.jpg HTTP/1.1" 404 - "http://eecs485-01.eecs.umich.edu:4501/album?id=4" "Mozilla/5.0 (X11; Linux x86_64; rv:17.0) Gecko/20130806 Firefox/17.0"
141.213.55.96 - - [18/Sep/2013:20:41:51 -0400] "GET /static/js/main.js HTTP/1.1" 304 - "http://eecs485-01.eecs.umich.edu:4501/album?id=4" "Mozilla/5.0 (X11; Linux x86_64; rv:17.0) Gecko/20130806 Firefox/17.0"
141.213.55.96 - - [18/Sep/2013:20:41:51 -0400] "GET /home/group1/admin/php/html/photos/space_MilkyWay.jpg HTTP/1.1" 404 - "http://eecs485-01.eecs.umich.edu:4501/album?id=4" "Mozilla/5.0 (X11; Linux x86_64; rv:17.0) Gecko/20130806 Firefox/17.0"
141.213.55.96 - - [18/Sep/2013:20:41:51 -0400] "GET /home/group1/admin/php/html/photos/space_OrionNebula.jpg HTTP/1.1" 404 - "http://eecs485-01.eecs.umich.edu:4501/album?id=4" "Mozilla/5.0 (X11; Linux x86_64; rv:17.0) Gecko/20130806 Firefox/17.0"
141.213.55.96 - - [18/Sep/2013:20:41:51 -0400] "GET /home/group1/admin/php/html/photos/space_GalaxyCollision.jpg HTTP/1.1" 404 - "http://eecs485-01.eecs.umich.edu:4501/album?id=4" "Mozilla/5.0 (X11; Linux x86_64; rv:17.0) Gecko/20130806 Firefox/17.0"
141.213.55.96 - - [18/Sep/2013:20:41:51 -0400] "GET /home/group1/admin/php/html/photos/space_HelixNebula.jpg HTTP/1.1" 404 - "http://eecs485-01.eecs.umich.edu:4501/album?id=4" "Mozilla/5.0 (X11; Linux x86_64; rv:17.0) Gecko/20130806 Firefox/17.0"
::1 - - [18/Sep/2013:20:41:56 -0400] "OPTIONS * HTTP/1.0" 200 - "-" "Apache/2.4.6 (Fedora) PHP/5.5.3 (internal dummy connection)"
141.213.55.96 - - [18/Sep/2013:20:42:09 -0400] "GET /album?id=4 HTTP/1.1" 200 845 "http://eecs485-01.eecs.umich.edu:4501/albums/edit?username=spacejunkie" "Mozilla/5.0 (X11; Linux x86_64; rv:17.0) Gecko/20130806 Firefox/17.0"
141.213.55.96 - - [18/Sep/2013:20:42:09 -0400] "GET /static/css/style.css HTTP/1.1" 304 - "http://eecs485-01.eecs.umich.edu:4501/album?id=4" "Mozilla/5.0 (X11; Linux x86_64; rv:17.0) Gecko/20130806 Firefox/17.0"
141.213.55.96 - - [18/Sep/2013:20:42:09 -0400] "GET /static/js/main.js HTTP/1.1" 304 - "http://eecs485-01.eecs.umich.edu:4501/album?id=4" "Mozilla/5.0 (X11; Linux x86_64; rv:17.0) Gecko/20130806 Firefox/17.0"
141.213.55.96 - - [18/Sep/2013:20:42:09 -0400] "GET /home/group1/admin/php/html/photos/space_GalaxyCollision.jpg HTTP/1.1" 404 - "http://eecs485-01.eecs.umich.edu:4501/album?id=4" "Mozilla/5.0 (X11; Linux x86_64; rv:17.0) Gecko/20130806 Firefox/17.0"
141.213.55.96 - - [18/Sep/2013:20:42:09 -0400] "GET /home/group1/admin/php/html/photos/space_OrionNebula.jpg HTTP/1.1" 404 - "http://eecs485-01.eecs.umich.edu:4501/album?id=4" "Mozilla/5.0 (X11; Linux x86_64; rv:17.0) Gecko/20130806 Firefox/17.0"
141.213.55.96 - - [18/Sep/2013:20:42:09 -0400] "GET /home/group1/admin/php/html/photos/space_MilkyWay.jpg HTTP/1.1" 404 - "http://eecs485-01.eecs.umich.edu:4501/album?id=4" "Mozilla/5.0 (X11; Linux x86_64; rv:17.0) Gecko/20130806 Firefox/17.0"
141.213.55.96 - - [18/Sep/2013:20:42:09 -0400] "GET /home/group1/admin/php/html/photos/space_HelixNebula.jpg HTTP/1.1" 404 - "http://eecs485-01.eecs.umich.edu:4501/album?id=4" "Mozilla/5.0 (X11; Linux x86_64; rv:17.0) Gecko/20130806 Firefox/17.0"
141.213.55.96 - - [18/Sep/2013:20:42:09 -0400] "GET /home/group1/admin/php/html/photos/space_EagleNebula.jpg HTTP/1.1" 404 - "http://eecs485-01.eecs.umich.edu:4501/album?id=4" "Mozilla/5.0 (X11; Linux x86_64; rv:17.0) Gecko/20130806 Firefox/17.0"
141.213.55.96 - - [18/Sep/2013:20:42:10 -0400] "GET /album?id=4 HTTP/1.1" 200 845 "http://eecs485-01.eecs.umich.edu:4501/albums/edit?username=spacejunkie" "Mozilla/5.0 (X11; Linux x86_64; rv:17.0) Gecko/20130806 Firefox/17.0"
141.213.55.96 - - [18/Sep/2013:20:42:10 -0400] "GET /static/css/style.css HTTP/1.1" 304 - "http://eecs485-01.eecs.umich.edu:4501/album?id=4" "Mozilla/5.0 (X11; Linux x86_64; rv:17.0) Gecko/20130806 Firefox/17.0"
141.213.55.96 - - [18/Sep/2013:20:42:10 -0400] "GET /static/js/main.js HTTP/1.1" 304 - "http://eecs485-01.eecs.umich.edu:4501/album?id=4" "Mozilla/5.0 (X11; Linux x86_64; rv:17.0) Gecko/20130806 Firefox/17.0"
141.213.55.96 - - [18/Sep/2013:20:42:10 -0400] "GET /home/group1/admin/php/html/photos/space_OrionNebula.jpg HTTP/1.1" 404 - "http://eecs485-01.eecs.umich.edu:4501/album?id=4" "Mozilla/5.0 (X11; Linux x86_64; rv:17.0) Gecko/20130806 Firefox/17.0"
141.213.55.96 - - [18/Sep/2013:20:42:10 -0400] "GET /home/group1/admin/php/html/photos/space_EagleNebula.jpg HTTP/1.1" 404 - "http://eecs485-01.eecs.umich.edu:4501/album?id=4" "Mozilla/5.0 (X11; Linux x86_64; rv:17.0) Gecko/20130806 Firefox/17.0"
141.213.55.96 - - [18/Sep/2013:20:42:10 -0400] "GET /home/group1/admin/php/html/photos/space_GalaxyCollision.jpg HTTP/1.1" 404 - "http://eecs485-01.eecs.umich.edu:4501/album?id=4" "Mozilla/5.0 (X11; Linux x86_64; rv:17.0) Gecko/20130806 Firefox/17.0"
141.213.55.96 - - [18/Sep/2013:20:42:10 -0400] "GET /home/group1/admin/php/html/photos/space_HelixNebula.jpg HTTP/1.1" 404 - "http://eecs485-01.eecs.umich.edu:4501/album?id=4" "Mozilla/5.0 (X11; Linux x86_64; rv:17.0) Gecko/20130806 Firefox/17.0"
141.213.55.96 - - [18/Sep/2013:20:42:10 -0400] "GET /home/group1/admin/php/html/photos/space_MilkyWay.jpg HTTP/1.1" 404 - "http://eecs485-01.eecs.umich.edu:4501/album?id=4" "Mozilla/5.0 (X11; Linux x86_64; rv:17.0) Gecko/20130806 Firefox/17.0"
::1 - - [18/Sep/2013:20:42:16 -0400] "OPTIONS * HTTP/1.0" 200 - "-" "Apache/2.4.6 (Fedora) PHP/5.5.3 (internal dummy connection)"
141.213.55.96 - - [18/Sep/2013:20:42:32 -0400] "GET /album?id=4 HTTP/1.1" 200 891 "http://eecs485-01.eecs.umich.edu:4501/albums/edit?username=spacejunkie" "Mozilla/5.0 (X11; Linux x86_64; rv:17.0) Gecko/20130806 Firefox/17.0"
141.213.55.96 - - [18/Sep/2013:20:42:32 -0400] "GET /static/css/style.css HTTP/1.1" 304 - "http://eecs485-01.eecs.umich.edu:4501/album?id=4" "Mozilla/5.0 (X11; Linux x86_64; rv:17.0) Gecko/20130806 Firefox/17.0"
141.213.55.96 - - [18/Sep/2013:20:42:32 -0400] "GET /static/js/main.js HTTP/1.1" 304 - "http://eecs485-01.eecs.umich.edu:4501/album?id=4" "Mozilla/5.0 (X11; Linux x86_64; rv:17.0) Gecko/20130806 Firefox/17.0"
141.213.55.96 - - [18/Sep/2013:20:42:32 -0400] "GET /home/group1/admin/php/html/photos/space_EagleNebula.jpg HTTP/1.1" 404 - "http://eecs485-01.eecs.umich.edu:4501/album?id=4" "Mozilla/5.0 (X11; Linux x86_64; rv:17.0) Gecko/20130806 Firefox/17.0"
141.213.55.96 - - [18/Sep/2013:20:42:32 -0400] "GET /home/group1/admin/php/html/photos/space_MilkyWay.jpg HTTP/1.1" 404 - "http://eecs485-01.eecs.umich.edu:4501/album?id=4" "Mozilla/5.0 (X11; Linux x86_64; rv:17.0) Gecko/20130806 Firefox/17.0"
141.213.55.96 - - [18/Sep/2013:20:42:32 -0400] "GET /home/group1/admin/php/html/photos/space_OrionNebula.jpg HTTP/1.1" 404 - "http://eecs485-01.eecs.umich.edu:4501/album?id=4" "Mozilla/5.0 (X11; Linux x86_64; rv:17.0) Gecko/20130806 Firefox/17.0"
141.213.55.96 - - [18/Sep/2013:20:42:32 -0400] "GET /home/group1/admin/php/html/photos/space_GalaxyCollision.jpg HTTP/1.1" 404 - "http://eecs485-01.eecs.umich.edu:4501/album?id=4" "Mozilla/5.0 (X11; Linux x86_64; rv:17.0) Gecko/20130806 Firefox/17.0"
141.213.55.96 - - [18/Sep/2013:20:42:32 -0400] "GET /home/group1/admin/php/html/photos/space_HelixNebula.jpg HTTP/1.1" 404 - "http://eecs485-01.eecs.umich.edu:4501/album?id=4" "Mozilla/5.0 (X11; Linux x86_64; rv:17.0) Gecko/20130806 Firefox/17.0"
::1 - - [18/Sep/2013:20:42:37 -0400] "OPTIONS * HTTP/1.0" 200 - "-" "Apache/2.4.6 (Fedora) PHP/5.5.3 (internal dummy connection)"
141.213.55.96 - - [18/Sep/2013:20:45:18 -0400] "GET /album?id=3 HTTP/1.1" 200 2574 "http://eecs485-01.eecs.umich.edu:4501/albums/edit?username=traveler" "Mozilla/5.0 (X11; Linux x86_64; rv:17.0) Gecko/20130806 Firefox/17.0"
141.213.55.96 - - [18/Sep/2013:20:45:18 -0400] "GET /static/css/style.css HTTP/1.1" 304 - "http://eecs485-01.eecs.umich.edu:4501/album?id=3" "Mozilla/5.0 (X11; Linux x86_64; rv:17.0) Gecko/20130806 Firefox/17.0"
141.213.55.96 - - [18/Sep/2013:20:45:18 -0400] "GET /static/js/main.js HTTP/1.1" 304 - "http://eecs485-01.eecs.umich.edu:4501/album?id=3" "Mozilla/5.0 (X11; Linux x86_64; rv:17.0) Gecko/20130806 Firefox/17.0"
141.213.55.96 - - [18/Sep/2013:20:45:18 -0400] "GET /home/group1/admin/php/html/photos/world_firenze.jpg HTTP/1.1" 404 - "http://eecs485-01.eecs.umich.edu:4501/album?id=3" "Mozilla/5.0 (X11; Linux x86_64; rv:17.0) Gecko/20130806 Firefox/17.0"
141.213.55.96 - - [18/Sep/2013:20:45:18 -0400] "GET /home/group1/admin/php/html/photos/world_Istanbul.jpg HTTP/1.1" 404 - "http://eecs485-01.eecs.umich.edu:4501/album?id=3" "Mozilla/5.0 (X11; Linux x86_64; rv:17.0) Gecko/20130806 Firefox/17.0"
141.213.55.96 - - [18/Sep/2013:20:45:18 -0400] "GET /home/group1/admin/php/html/photos/world_Isfahan.jpg HTTP/1.1" 404 - "http://eecs485-01.eecs.umich.edu:4501/album?id=3" "Mozilla/5.0 (X11; Linux x86_64; rv:17.0) Gecko/20130806 Firefox/17.0"
141.213.55.96 - - [18/Sep/2013:20:45:18 -0400] "GET /home/group1/admin/php/html/photos/world_GreatWall.jpg HTTP/1.1" 404 - "http://eecs485-01.eecs.umich.edu:4501/album?id=3" "Mozilla/5.0 (X11; Linux x86_64; rv:17.0) Gecko/20130806 Firefox/17.0"
141.213.55.96 - - [18/Sep/2013:20:45:18 -0400] "GET /home/group1/admin/php/html/photos/world_Persepolis.jpg HTTP/1.1" 404 - "http://eecs485-01.eecs.umich.edu:4501/album?id=3" "Mozilla/5.0 (X11; Linux x86_64; rv:17.0) Gecko/20130806 Firefox/17.0"
141.213.55.96 - - [18/Sep/2013:20:45:18 -0400] "GET /home/group1/admin/php/html/photos/world_EiffelTower.jpg HTTP/1.1" 404 - "http://eecs485-01.eecs.umich.edu:4501/album?id=3" "Mozilla/5.0 (X11; Linux x86_64; rv:17.0) Gecko/20130806 Firefox/17.0"
141.213.55.96 - - [18/Sep/2013:20:45:18 -0400] "GET /home/group1/admin/php/html/photos/world_Reykjavik.jpg HTTP/1.1" 404 - "http://eecs485-01.eecs.umich.edu:4501/album?id=3" "Mozilla/5.0 (X11; Linux x86_64; rv:17.0) Gecko/20130806 Firefox/17.0"
141.213.55.96 - - [18/Sep/2013:20:45:18 -0400] "GET /home/group1/admin/php/html/photos/world_Stonehenge.jpg HTTP/1.1" 404 - "http://eecs485-01.eecs.umich.edu:4501/album?id=3" "Mozilla/5.0 (X11; Linux x86_64; rv:17.0) Gecko/20130806 Firefox/17.0"
141.213.55.96 - - [18/Sep/2013:20:45:18 -0400] "GET /home/group1/admin/php/html/photos/world_Seoul.jpg HTTP/1.1" 404 - "http://eecs485-01.eecs.umich.edu:4501/album?id=3" "Mozilla/5.0 (X11; Linux x86_64; rv:17.0) Gecko/20130806 Firefox/17.0"
141.213.55.96 - - [18/Sep/2013:20:45:18 -0400] "GET /home/group1/admin/php/html/photos/world_WashingtonDC.jpg HTTP/1.1" 404 - "http://eecs485-01.eecs.umich.edu:4501/album?id=3" "Mozilla/5.0 (X11; Linux x86_64; rv:17.0) Gecko/20130806 Firefox/17.0"
141.213.55.96 - - [18/Sep/2013:20:45:18 -0400] "GET /home/group1/admin/php/html/photos/world_tokyo.jpg HTTP/1.1" 404 - "http://eecs485-01.eecs.umich.edu:4501/album?id=3" "Mozilla/5.0 (X11; Linux x86_64; rv:17.0) Gecko/20130806 Firefox/17.0"
141.213.55.96 - - [18/Sep/2013:20:45:18 -0400] "GET /home/group1/admin/php/html/photos/world_TelAviv.jpg HTTP/1.1" 404 - "http://eecs485-01.eecs.umich.edu:4501/album?id=3" "Mozilla/5.0 (X11; Linux x86_64; rv:17.0) Gecko/20130806 Firefox/17.0"
141.213.55.96 - - [18/Sep/2013:20:45:18 -0400] "GET /home/group1/admin/php/html/photos/world_TajMahal.jpg HTTP/1.1" 404 - "http://eecs485-01.eecs.umich.edu:4501/album?id=3" "Mozilla/5.0 (X11; Linux x86_64; rv:17.0) Gecko/20130806 Firefox/17.0"
::1 - - [18/Sep/2013:20:45:23 -0400] "OPTIONS * HTTP/1.0" 200 - "-" "Apache/2.4.6 (Fedora) PHP/5.5.3 (internal dummy connection)"
141.213.55.96 - - [18/Sep/2013:20:46:45 -0400] "GET /album?id=3 HTTP/1.1" 200 2843 "http://eecs485-01.eecs.umich.edu:4501/albums/edit?username=traveler" "Mozilla/5.0 (X11; Linux x86_64; rv:17.0) Gecko/20130806 Firefox/17.0"
141.213.55.96 - - [18/Sep/2013:20:46:45 -0400] "GET /static/css/style.css HTTP/1.1" 304 - "http://eecs485-01.eecs.umich.edu:4501/album?id=3" "Mozilla/5.0 (X11; Linux x86_64; rv:17.0) Gecko/20130806 Firefox/17.0"
141.213.55.96 - - [18/Sep/2013:20:46:45 -0400] "GET /static/js/main.js HTTP/1.1" 304 - "http://eecs485-01.eecs.umich.edu:4501/album?id=3" "Mozilla/5.0 (X11; Linux x86_64; rv:17.0) Gecko/20130806 Firefox/17.0"
141.213.55.96 - - [18/Sep/2013:20:46:45 -0400] "GET /home/group1/admin/php/html/photos/world_EiffelTower.jpg HTTP/1.1" 404 - "http://eecs485-01.eecs.umich.edu:4501/album?id=3" "Mozilla/5.0 (X11; Linux x86_64; rv:17.0) Gecko/20130806 Firefox/17.0"
141.213.55.96 - - [18/Sep/2013:20:46:45 -0400] "GET /home/group1/admin/php/html/photos/world_GreatWall.jpg HTTP/1.1" 404 - "http://eecs485-01.eecs.umich.edu:4501/album?id=3" "Mozilla/5.0 (X11; Linux x86_64; rv:17.0) Gecko/20130806 Firefox/17.0"
141.213.55.96 - - [18/Sep/2013:20:46:45 -0400] "GET /home/group1/admin/php/html/photos/world_Istanbul.jpg HTTP/1.1" 404 - "http://eecs485-01.eecs.umich.edu:4501/album?id=3" "Mozilla/5.0 (X11; Linux x86_64; rv:17.0) Gecko/20130806 Firefox/17.0"
141.213.55.96 - - [18/Sep/2013:20:46:45 -0400] "GET /home/group1/admin/php/html/photos/world_Isfahan.jpg HTTP/1.1" 404 - "http://eecs485-01.eecs.umich.edu:4501/album?id=3" "Mozilla/5.0 (X11; Linux x86_64; rv:17.0) Gecko/20130806 Firefox/17.0"
141.213.55.96 - - [18/Sep/2013:20:46:45 -0400] "GET /home/group1/admin/php/html/photos/world_Reykjavik.jpg HTTP/1.1" 404 - "http://eecs485-01.eecs.umich.edu:4501/album?id=3" "Mozilla/5.0 (X11; Linux x86_64; rv:17.0) Gecko/20130806 Firefox/17.0"
141.213.55.96 - - [18/Sep/2013:20:46:45 -0400] "GET /home/group1/admin/php/html/photos/world_firenze.jpg HTTP/1.1" 404 - "http://eecs485-01.eecs.umich.edu:4501/album?id=3" "Mozilla/5.0 (X11; Linux x86_64; rv:17.0) Gecko/20130806 Firefox/17.0"
141.213.55.96 - - [18/Sep/2013:20:46:45 -0400] "GET /home/group1/admin/php/html/photos/world_Seoul.jpg HTTP/1.1" 404 - "http://eecs485-01.eecs.umich.edu:4501/album?id=3" "Mozilla/5.0 (X11; Linux x86_64; rv:17.0) Gecko/20130806 Firefox/17.0"
141.213.55.96 - - [18/Sep/2013:20:46:45 -0400] "GET /home/group1/admin/php/html/photos/world_Persepolis.jpg HTTP/1.1" 404 - "http://eecs485-01.eecs.umich.edu:4501/album?id=3" "Mozilla/5.0 (X11; Linux x86_64; rv:17.0) Gecko/20130806 Firefox/17.0"
141.213.55.96 - - [18/Sep/2013:20:46:45 -0400] "GET /home/group1/admin/php/html/photos/world_TelAviv.jpg HTTP/1.1" 404 - "http://eecs485-01.eecs.umich.edu:4501/album?id=3" "Mozilla/5.0 (X11; Linux x86_64; rv:17.0) Gecko/20130806 Firefox/17.0"
141.213.55.96 - - [18/Sep/2013:20:46:45 -0400] "GET /home/group1/admin/php/html/photos/world_WashingtonDC.jpg HTTP/1.1" 404 - "http://eecs485-01.eecs.umich.edu:4501/album?id=3" "Mozilla/5.0 (X11; Linux x86_64; rv:17.0) Gecko/20130806 Firefox/17.0"
141.213.55.96 - - [18/Sep/2013:20:46:45 -0400] "GET /home/group1/admin/php/html/photos/world_TajMahal.jpg HTTP/1.1" 404 - "http://eecs485-01.eecs.umich.edu:4501/album?id=3" "Mozilla/5.0 (X11; Linux x86_64; rv:17.0) Gecko/20130806 Firefox/17.0"
141.213.55.96 - - [18/Sep/2013:20:46:45 -0400] "GET /home/group1/admin/php/html/photos/world_Stonehenge.jpg HTTP/1.1" 404 - "http://eecs485-01.eecs.umich.edu:4501/album?id=3" "Mozilla/5.0 (X11; Linux x86_64; rv:17.0) Gecko/20130806 Firefox/17.0"
141.213.55.96 - - [18/Sep/2013:20:46:45 -0400] "GET /home/group1/admin/php/html/photos/world_tokyo.jpg HTTP/1.1" 404 - "http://eecs485-01.eecs.umich.edu:4501/album?id=3" "Mozilla/5.0 (X11; Linux x86_64; rv:17.0) Gecko/20130806 Firefox/17.0"
::1 - - [18/Sep/2013:20:46:50 -0400] "OPTIONS * HTTP/1.0" 200 - "-" "Apache/2.4.6 (Fedora) PHP/5.5.3 (internal dummy connection)"
141.213.55.96 - - [18/Sep/2013:20:48:04 -0400] "GET /album?id=3 HTTP/1.1" 200 2841 "-" "Mozilla/5.0 (X11; Linux x86_64; rv:17.0) Gecko/20130806 Firefox/17.0"
141.213.55.96 - - [18/Sep/2013:20:48:04 -0400] "GET /home/group1/admin/php/html/photos/world_Persepolis.jpg HTTP/1.1" 404 - "http://eecs485-01.eecs.umich.edu:4501/album?id=3" "Mozilla/5.0 (X11; Linux x86_64; rv:17.0) Gecko/20130806 Firefox/17.0"
141.213.55.96 - - [18/Sep/2013:20:48:04 -0400] "GET /home/group1/admin/php/html/photos/world_firenze.jpg HTTP/1.1" 404 - "http://eecs485-01.eecs.umich.edu:4501/album?id=3" "Mozilla/5.0 (X11; Linux x86_64; rv:17.0) Gecko/20130806 Firefox/17.0"
141.213.55.96 - - [18/Sep/2013:20:48:04 -0400] "GET /home/group1/admin/php/html/photos/world_Istanbul.jpg HTTP/1.1" 404 - "http://eecs485-01.eecs.umich.edu:4501/album?id=3" "Mozilla/5.0 (X11; Linux x86_64; rv:17.0) Gecko/20130806 Firefox/17.0"
141.213.55.96 - - [18/Sep/2013:20:48:04 -0400] "GET /home/group1/admin/php/html/photos/world_Reykjavik.jpg HTTP/1.1" 404 - "http://eecs485-01.eecs.umich.edu:4501/album?id=3" "Mozilla/5.0 (X11; Linux x86_64; rv:17.0) Gecko/20130806 Firefox/17.0"
141.213.55.96 - - [18/Sep/2013:20:48:04 -0400] "GET /home/group1/admin/php/html/photos/world_Seoul.jpg HTTP/1.1" 404 - "http://eecs485-01.eecs.umich.edu:4501/album?id=3" "Mozilla/5.0 (X11; Linux x86_64; rv:17.0) Gecko/20130806 Firefox/17.0"
141.213.55.96 - - [18/Sep/2013:20:48:04 -0400] "GET /home/group1/admin/php/html/photos/world_GreatWall.jpg HTTP/1.1" 404 - "http://eecs485-01.eecs.umich.edu:4501/album?id=3" "Mozilla/5.0 (X11; Linux x86_64; rv:17.0) Gecko/20130806 Firefox/17.0"
141.213.55.96 - - [18/Sep/2013:20:48:04 -0400] "GET /home/group1/admin/php/html/photos/world_Isfahan.jpg HTTP/1.1" 404 - "http://eecs485-01.eecs.umich.edu:4501/album?id=3" "Mozilla/5.0 (X11; Linux x86_64; rv:17.0) Gecko/20130806 Firefox/17.0"
141.213.55.96 - - [18/Sep/2013:20:48:04 -0400] "GET /home/group1/admin/php/html/photos/world_EiffelTower.jpg HTTP/1.1" 404 - "http://eecs485-01.eecs.umich.edu:4501/album?id=3" "Mozilla/5.0 (X11; Linux x86_64; rv:17.0) Gecko/20130806 Firefox/17.0"
141.213.55.96 - - [18/Sep/2013:20:48:04 -0400] "GET /home/group1/admin/php/html/photos/world_TajMahal.jpg HTTP/1.1" 404 - "http://eecs485-01.eecs.umich.edu:4501/album?id=3" "Mozilla/5.0 (X11; Linux x86_64; rv:17.0) Gecko/20130806 Firefox/17.0"
141.213.55.96 - - [18/Sep/2013:20:48:04 -0400] "GET /home/group1/admin/php/html/photos/world_TelAviv.jpg HTTP/1.1" 404 - "http://eecs485-01.eecs.umich.edu:4501/album?id=3" "Mozilla/5.0 (X11; Linux x86_64; rv:17.0) Gecko/20130806 Firefox/17.0"
141.213.55.96 - - [18/Sep/2013:20:48:05 -0400] "GET /home/group1/admin/php/html/photos/world_tokyo.jpg HTTP/1.1" 404 - "http://eecs485-01.eecs.umich.edu:4501/album?id=3" "Mozilla/5.0 (X11; Linux x86_64; rv:17.0) Gecko/20130806 Firefox/17.0"
141.213.55.96 - - [18/Sep/2013:20:48:04 -0400] "GET /home/group1/admin/php/html/photos/world_Stonehenge.jpg HTTP/1.1" 404 - "http://eecs485-01.eecs.umich.edu:4501/album?id=3" "Mozilla/5.0 (X11; Linux x86_64; rv:17.0) Gecko/20130806 Firefox/17.0"
141.213.55.96 - - [18/Sep/2013:20:48:05 -0400] "GET /home/group1/admin/php/html/photos/world_WashingtonDC.jpg HTTP/1.1" 404 - "http://eecs485-01.eecs.umich.edu:4501/album?id=3" "Mozilla/5.0 (X11; Linux x86_64; rv:17.0) Gecko/20130806 Firefox/17.0"
::1 - - [18/Sep/2013:20:48:10 -0400] "OPTIONS * HTTP/1.0" 200 - "-" "Apache/2.4.6 (Fedora) PHP/5.5.3 (internal dummy connection)"
141.213.55.96 - - [18/Sep/2013:20:49:38 -0400] "GET /album?id=3 HTTP/1.1" 200 2876 "-" "Mozilla/5.0 (X11; Linux x86_64; rv:17.0) Gecko/20130806 Firefox/17.0"
141.213.55.96 - - [18/Sep/2013:20:49:38 -0400] "GET /static/css/style.css HTTP/1.1" 304 - "http://eecs485-01.eecs.umich.edu:4501/album?id=3" "Mozilla/5.0 (X11; Linux x86_64; rv:17.0) Gecko/20130806 Firefox/17.0"
141.213.55.96 - - [18/Sep/2013:20:49:38 -0400] "GET /home/group1/admin/php/html/photos/world_firenze.jpg HTTP/1.1" 404 - "http://eecs485-01.eecs.umich.edu:4501/album?id=3" "Mozilla/5.0 (X11; Linux x86_64; rv:17.0) Gecko/20130806 Firefox/17.0"
141.213.55.96 - - [18/Sep/2013:20:49:38 -0400] "GET /static/js/main.js HTTP/1.1" 304 - "http://eecs485-01.eecs.umich.edu:4501/album?id=3" "Mozilla/5.0 (X11; Linux x86_64; rv:17.0) Gecko/20130806 Firefox/17.0"
141.213.55.96 - - [18/Sep/2013:20:49:38 -0400] "GET /home/group1/admin/php/html/photos/world_GreatWall.jpg HTTP/1.1" 404 - "http://eecs485-01.eecs.umich.edu:4501/album?id=3" "Mozilla/5.0 (X11; Linux x86_64; rv:17.0) Gecko/20130806 Firefox/17.0"
141.213.55.96 - - [18/Sep/2013:20:49:38 -0400] "GET /home/group1/admin/php/html/photos/world_Seoul.jpg HTTP/1.1" 404 - "http://eecs485-01.eecs.umich.edu:4501/album?id=3" "Mozilla/5.0 (X11; Linux x86_64; rv:17.0) Gecko/20130806 Firefox/17.0"
141.213.55.96 - - [18/Sep/2013:20:49:38 -0400] "GET /home/group1/admin/php/html/photos/world_Istanbul.jpg HTTP/1.1" 404 - "http://eecs485-01.eecs.umich.edu:4501/album?id=3" "Mozilla/5.0 (X11; Linux x86_64; rv:17.0) Gecko/20130806 Firefox/17.0"
141.213.55.96 - - [18/Sep/2013:20:49:38 -0400] "GET /home/group1/admin/php/html/photos/world_Reykjavik.jpg HTTP/1.1" 404 - "http://eecs485-01.eecs.umich.edu:4501/album?id=3" "Mozilla/5.0 (X11; Linux x86_64; rv:17.0) Gecko/20130806 Firefox/17.0"
141.213.55.96 - - [18/Sep/2013:20:49:38 -0400] "GET /home/group1/admin/php/html/photos/world_EiffelTower.jpg HTTP/1.1" 404 - "http://eecs485-01.eecs.umich.edu:4501/album?id=3" "Mozilla/5.0 (X11; Linux x86_64; rv:17.0) Gecko/20130806 Firefox/17.0"
141.213.55.96 - - [18/Sep/2013:20:49:38 -0400] "GET /home/group1/admin/php/html/photos/world_Persepolis.jpg HTTP/1.1" 404 - "http://eecs485-01.eecs.umich.edu:4501/album?id=3" "Mozilla/5.0 (X11; Linux x86_64; rv:17.0) Gecko/20130806 Firefox/17.0"
141.213.55.96 - - [18/Sep/2013:20:49:38 -0400] "GET /home/group1/admin/php/html/photos/world_Isfahan.jpg HTTP/1.1" 404 - "http://eecs485-01.eecs.umich.edu:4501/album?id=3" "Mozilla/5.0 (X11; Linux x86_64; rv:17.0) Gecko/20130806 Firefox/17.0"
141.213.55.96 - - [18/Sep/2013:20:49:38 -0400] "GET /home/group1/admin/php/html/photos/world_Stonehenge.jpg HTTP/1.1" 404 - "http://eecs485-01.eecs.umich.edu:4501/album?id=3" "Mozilla/5.0 (X11; Linux x86_64; rv:17.0) Gecko/20130806 Firefox/17.0"
141.213.55.96 - - [18/Sep/2013:20:49:38 -0400] "GET /home/group1/admin/php/html/photos/world_TelAviv.jpg HTTP/1.1" 404 - "http://eecs485-01.eecs.umich.edu:4501/album?id=3" "Mozilla/5.0 (X11; Linux x86_64; rv:17.0) Gecko/20130806 Firefox/17.0"
141.213.55.96 - - [18/Sep/2013:20:49:38 -0400] "GET /home/group1/admin/php/html/photos/world_tokyo.jpg HTTP/1.1" 404 - "http://eecs485-01.eecs.umich.edu:4501/album?id=3" "Mozilla/5.0 (X11; Linux x86_64; rv:17.0) Gecko/20130806 Firefox/17.0"
141.213.55.96 - - [18/Sep/2013:20:49:38 -0400] "GET /home/group1/admin/php/html/photos/world_WashingtonDC.jpg HTTP/1.1" 404 - "http://eecs485-01.eecs.umich.edu:4501/album?id=3" "Mozilla/5.0 (X11; Linux x86_64; rv:17.0) Gecko/20130806 Firefox/17.0"
141.213.55.96 - - [18/Sep/2013:20:49:38 -0400] "GET /home/group1/admin/php/html/photos/world_TajMahal.jpg HTTP/1.1" 404 - "http://eecs485-01.eecs.umich.edu:4501/album?id=3" "Mozilla/5.0 (X11; Linux x86_64; rv:17.0) Gecko/20130806 Firefox/17.0"
::1 - - [18/Sep/2013:20:49:43 -0400] "OPTIONS * HTTP/1.0" 200 - "-" "Apache/2.4.6 (Fedora) PHP/5.5.3 (internal dummy connection)"
141.213.55.96 - - [18/Sep/2013:20:49:53 -0400] "POST /album?id=3 HTTP/1.1" 405 - "http://eecs485-01.eecs.umich.edu:4501/album?id=3" "Mozilla/5.0 (X11; Linux x86_64; rv:17.0) Gecko/20130806 Firefox/17.0"
141.213.55.96 - - [18/Sep/2013:20:49:56 -0400] "POST /album?id=3 HTTP/1.1" 405 - "http://eecs485-01.eecs.umich.edu:4501/album?id=3" "Mozilla/5.0 (X11; Linux x86_64; rv:17.0) Gecko/20130806 Firefox/17.0"
141.213.55.96 - - [18/Sep/2013:20:52:57 -0400] "POST /album?id=3 HTTP/1.1" 405 - "http://eecs485-01.eecs.umich.edu:4501/album?id=3" "Mozilla/5.0 (X11; Linux x86_64; rv:17.0) Gecko/20130806 Firefox/17.0"
141.213.55.96 - - [18/Sep/2013:20:56:31 -0400] "GET / HTTP/1.1" 200 627 "-" "Mozilla/5.0 (X11; Linux x86_64; rv:17.0) Gecko/20130806 Firefox/17.0"
141.213.55.96 - - [18/Sep/2013:20:56:35 -0400] "GET /albums?username=sportslover HTTP/1.1" 200 1184 "http://eecs485-01.eecs.umich.edu:4501/" "Mozilla/5.0 (X11; Linux x86_64; rv:17.0) Gecko/20130806 Firefox/17.0"
141.213.55.96 - - [18/Sep/2013:20:56:36 -0400] "GET /album?id=1 HTTP/1.1" 200 1937 "http://eecs485-01.eecs.umich.edu:4501/albums?username=sportslover" "Mozilla/5.0 (X11; Linux x86_64; rv:17.0) Gecko/20130806 Firefox/17.0"
141.213.55.96 - - [18/Sep/2013:20:56:36 -0400] "GET /home/group1/admin/php/html/photos/sports_s3.jpg HTTP/1.1" 404 - "http://eecs485-01.eecs.umich.edu:4501/album?id=1" "Mozilla/5.0 (X11; Linux x86_64; rv:17.0) Gecko/20130806 Firefox/17.0"
141.213.55.96 - - [18/Sep/2013:20:56:36 -0400] "GET /home/group1/admin/php/html/photos/sports_s2.jpg HTTP/1.1" 404 - "http://eecs485-01.eecs.umich.edu:4501/album?id=1" "Mozilla/5.0 (X11; Linux x86_64; rv:17.0) Gecko/20130806 Firefox/17.0"
141.213.55.96 - - [18/Sep/2013:20:56:36 -0400] "GET /home/group1/admin/php/html/photos/sports_s7.jpg HTTP/1.1" 404 - "http://eecs485-01.eecs.umich.edu:4501/album?id=1" "Mozilla/5.0 (X11; Linux x86_64; rv:17.0) Gecko/20130806 Firefox/17.0"
141.213.55.96 - - [18/Sep/2013:20:56:36 -0400] "GET /home/group1/admin/php/html/photos/sports_s8.jpg HTTP/1.1" 404 - "http://eecs485-01.eecs.umich.edu:4501/album?id=1" "Mozilla/5.0 (X11; Linux x86_64; rv:17.0) Gecko/20130806 Firefox/17.0"
141.213.55.96 - - [18/Sep/2013:20:56:36 -0400] "GET /home/group1/admin/php/html/photos/sports_s4.jpg HTTP/1.1" 404 - "http://eecs485-01.eecs.umich.edu:4501/album?id=1" "Mozilla/5.0 (X11; Linux x86_64; rv:17.0) Gecko/20130806 Firefox/17.0"
141.213.55.96 - - [18/Sep/2013:20:56:36 -0400] "GET /home/group1/admin/php/html/photos/sports_s6.jpg HTTP/1.1" 404 - "http://eecs485-01.eecs.umich.edu:4501/album?id=1" "Mozilla/5.0 (X11; Linux x86_64; rv:17.0) Gecko/20130806 Firefox/17.0"
141.213.55.96 - - [18/Sep/2013:20:56:36 -0400] "GET /home/group1/admin/php/html/photos/sports_s5.jpg HTTP/1.1" 404 - "http://eecs485-01.eecs.umich.edu:4501/album?id=1" "Mozilla/5.0 (X11; Linux x86_64; rv:17.0) Gecko/20130806 Firefox/17.0"
141.213.55.96 - - [18/Sep/2013:20:56:36 -0400] "GET /home/group1/admin/php/html/photos/sports_s1.jpg HTTP/1.1" 404 - "http://eecs485-01.eecs.umich.edu:4501/album?id=1" "Mozilla/5.0 (X11; Linux x86_64; rv:17.0) Gecko/20130806 Firefox/17.0"
141.213.55.96 - - [18/Sep/2013:20:56:41 -0400] "GET /albums?username=traveler HTTP/1.1" 200 1110 "http://eecs485-01.eecs.umich.edu:4501/" "Mozilla/5.0 (X11; Linux x86_64; rv:17.0) Gecko/20130806 Firefox/17.0"
141.213.55.96 - - [18/Sep/2013:20:56:42 -0400] "GET /album?id=3 HTTP/1.1" 200 2876 "http://eecs485-01.eecs.umich.edu:4501/albums?username=traveler" "Mozilla/5.0 (X11; Linux x86_64; rv:17.0) Gecko/20130806 Firefox/17.0"
141.213.55.96 - - [18/Sep/2013:20:56:42 -0400] "GET /home/group1/admin/php/html/photos/world_GreatWall.jpg HTTP/1.1" 404 - "http://eecs485-01.eecs.umich.edu:4501/album?id=3" "Mozilla/5.0 (X11; Linux x86_64; rv:17.0) Gecko/20130806 Firefox/17.0"
141.213.55.96 - - [18/Sep/2013:20:56:42 -0400] "GET /home/group1/admin/php/html/photos/world_Persepolis.jpg HTTP/1.1" 404 - "http://eecs485-01.eecs.umich.edu:4501/album?id=3" "Mozilla/5.0 (X11; Linux x86_64; rv:17.0) Gecko/20130806 Firefox/17.0"
141.213.55.96 - - [18/Sep/2013:20:56:42 -0400] "GET /home/group1/admin/php/html/photos/world_Istanbul.jpg HTTP/1.1" 404 - "http://eecs485-01.eecs.umich.edu:4501/album?id=3" "Mozilla/5.0 (X11; Linux x86_64; rv:17.0) Gecko/20130806 Firefox/17.0"
141.213.55.96 - - [18/Sep/2013:20:56:42 -0400] "GET /home/group1/admin/php/html/photos/world_Isfahan.jpg HTTP/1.1" 404 - "http://eecs485-01.eecs.umich.edu:4501/album?id=3" "Mozilla/5.0 (X11; Linux x86_64; rv:17.0) Gecko/20130806 Firefox/17.0"
141.213.55.96 - - [18/Sep/2013:20:56:42 -0400] "GET /home/group1/admin/php/html/photos/world_firenze.jpg HTTP/1.1" 404 - "http://eecs485-01.eecs.umich.edu:4501/album?id=3" "Mozilla/5.0 (X11; Linux x86_64; rv:17.0) Gecko/20130806 Firefox/17.0"
141.213.55.96 - - [18/Sep/2013:20:56:42 -0400] "GET /home/group1/admin/php/html/photos/world_Reykjavik.jpg HTTP/1.1" 404 - "http://eecs485-01.eecs.umich.edu:4501/album?id=3" "Mozilla/5.0 (X11; Linux x86_64; rv:17.0) Gecko/20130806 Firefox/17.0"
141.213.55.96 - - [18/Sep/2013:20:56:42 -0400] "GET /home/group1/admin/php/html/photos/world_EiffelTower.jpg HTTP/1.1" 404 - "http://eecs485-01.eecs.umich.edu:4501/album?id=3" "Mozilla/5.0 (X11; Linux x86_64; rv:17.0) Gecko/20130806 Firefox/17.0"
141.213.55.96 - - [18/Sep/2013:20:56:42 -0400] "GET /home/group1/admin/php/html/photos/world_Seoul.jpg HTTP/1.1" 404 - "http://eecs485-01.eecs.umich.edu:4501/album?id=3" "Mozilla/5.0 (X11; Linux x86_64; rv:17.0) Gecko/20130806 Firefox/17.0"
141.213.55.96 - - [18/Sep/2013:20:56:42 -0400] "GET /home/group1/admin/php/html/photos/world_Stonehenge.jpg HTTP/1.1" 404 - "http://eecs485-01.eecs.umich.edu:4501/album?id=3" "Mozilla/5.0 (X11; Linux x86_64; rv:17.0) Gecko/20130806 Firefox/17.0"
141.213.55.96 - - [18/Sep/2013:20:56:42 -0400] "GET /home/group1/admin/php/html/photos/world_TajMahal.jpg HTTP/1.1" 404 - "http://eecs485-01.eecs.umich.edu:4501/album?id=3" "Mozilla/5.0 (X11; Linux x86_64; rv:17.0) Gecko/20130806 Firefox/17.0"
141.213.55.96 - - [18/Sep/2013:20:56:42 -0400] "GET /home/group1/admin/php/html/photos/world_TelAviv.jpg HTTP/1.1" 404 - "http://eecs485-01.eecs.umich.edu:4501/album?id=3" "Mozilla/5.0 (X11; Linux x86_64; rv:17.0) Gecko/20130806 Firefox/17.0"
141.213.55.96 - - [18/Sep/2013:20:56:42 -0400] "GET /home/group1/admin/php/html/photos/world_WashingtonDC.jpg HTTP/1.1" 404 - "http://eecs485-01.eecs.umich.edu:4501/album?id=3" "Mozilla/5.0 (X11; Linux x86_64; rv:17.0) Gecko/20130806 Firefox/17.0"
141.213.55.96 - - [18/Sep/2013:20:56:42 -0400] "GET /home/group1/admin/php/html/photos/world_tokyo.jpg HTTP/1.1" 404 - "http://eecs485-01.eecs.umich.edu:4501/album?id=3" "Mozilla/5.0 (X11; Linux x86_64; rv:17.0) Gecko/20130806 Firefox/17.0"
::1 - - [18/Sep/2013:20:56:48 -0400] "OPTIONS * HTTP/1.0" 200 - "-" "Apache/2.4.6 (Fedora) PHP/5.5.3 (internal dummy connection)"
141.213.55.96 - - [18/Sep/2013:21:02:58 -0400] "GET /album?id=3 HTTP/1.1" 200 2876 "http://eecs485-01.eecs.umich.edu:4501/albums?username=traveler" "Mozilla/5.0 (X11; Linux x86_64; rv:17.0) Gecko/20130806 Firefox/17.0"
141.213.55.96 - - [18/Sep/2013:21:02:59 -0400] "GET /static/css/style.css HTTP/1.1" 304 - "http://eecs485-01.eecs.umich.edu:4501/album?id=3" "Mozilla/5.0 (X11; Linux x86_64; rv:17.0) Gecko/20130806 Firefox/17.0"
141.213.55.96 - - [18/Sep/2013:21:02:59 -0400] "GET /home/group1/admin/php/html/photos/world_Istanbul.jpg HTTP/1.1" 404 - "http://eecs485-01.eecs.umich.edu:4501/album?id=3" "Mozilla/5.0 (X11; Linux x86_64; rv:17.0) Gecko/20130806 Firefox/17.0"
